The following is a list.

- This is the first list entry. \cite{MK_GN_2006}
- This is the second list entry. \cite{RS_GN_2013}
- This is the third list entry. \cite{GN_ictpolicy_2008}
- This is another entry (1). \cite{GN_ooxml_2007}
- This is another entry (2). \cite{GN-RN-AR_2014}
- This is another entry (3). \cite{GN_common-roots_2009}
- This is another entry (4). \cite{CG_conf_2013}
- This is another entry (5). \cite{GN_copyleft_2009}
- This is another entry (6). \cite{MK_GN_2008}
- This is another entry (7). \cite{GN_epi_2013}
- This is another entry (8). \cite{GN_gnowsys_2005}
- This is another entry (9). \cite{GN_gnowsys-mode:_2009}
- This is another entry (10). \cite{GN_ramadas_layers_2006}
- This is another entry (11). \cite{MK_GN_2011}
- This is another entry (12). \cite{MK_GN_2010}
- This is another entry (13). \cite{MK_GN_2013}
- This is another entry (14). \cite{AD_GN_2011}
- This is another entry (15). \cite{GN_MK_RN_2010}
- This is another entry (16). \cite{GN_atlas_2009}
- This is another entry (17). \cite{AD_GN_SD_2014}
- This is another entry (18). \cite{SG_GN_2013}
- This is another entry (19). \cite{MK_GN_2007}
- This is another entry (20). \cite{AD_GN_2011b}
- This is another entry (21). \cite{GN_roots_2009}
- This is another entry (22). \cite{GN_model_2014}
